    Checking typenum v1.20.1
    Checking utf8parse v0.2.2
    Checking anstyle-query v1.1.5
    Checking is_terminal_polyfill v1.70.2
    Checking anstyle v1.0.14
    Checking colorchoice v1.0.5
    Checking clap_lex v1.1.1
    Checking serde_core v1.0.229
    Checking winnow v1.0.4
    Checking strsim v0.11.1
    Checking zmij v1.0.23
    Checking cpufeatures v0.2.17
    Checking anstyle-parse v1.0.0
   Compiling herdr-projects v0.1.0 (/tmp/herdr-factory-review-bd6433d)
    Checking cfg-if v1.0.5
    Checking toml_writer v1.1.2+spec-1.1.0
    Checking winnow v0.7.15
    Checking memchr v2.8.3
    Checking jiff-core v0.1.1
    Checking itoa v1.0.18
    Checking anyhow v1.0.104
    Checking anstream v1.0.0
    Checking libc v0.2.189
    Checking toml_parser v1.1.3+spec-1.1.0
    Checking clap_builder v4.6.7
    Checking generic-array v0.14.7
    Checking jiff v0.2.37
    Checking block-buffer v0.10.4
    Checking crypto-common v0.1.7
    Checking digest v0.10.7
    Checking sha2 v0.10.9
    Checking clap v4.6.7
    Checking toml_datetime v0.7.5+spec-1.1.0
    Checking serde_spanned v1.1.1
    Checking serde v1.0.229
    Checking serde_json v1.0.151
    Checking toml v0.9.12+spec-1.1.0
warning: associated function `repository_git_command` is never used
   --> src/runner.rs:124:19
    |
 62 | impl Cmd {
    | -------- associated function in this implementation
...
124 |     pub(crate) fn repository_git_command(repo: &Path, args: &[&str]) -> Result<Cmd> {
    |                   ^^^^^^^^^^^^^^^^^^^^^^
    |
    = note: `#[warn(dead_code)]` (part of `#[warn(unused)]`) on by default

warning: `herdr-projects` (lib) generated 1 warning
warning: unused import: `ProjectGuard`
 --> src/artifacts/live/projection.rs:4:54
  |
4 | use herdr_projects::{execution_guard::{ProjectEffect,ProjectGuard},live_copy_intent::LiveCopyIntent};
  |                                                      ^^^^^^^^^^^^
  |
  = note: `#[warn(unused_imports)]` (part of `#[warn(unused)]`) on by default

warning: unused import: `ProjectGuard`
 --> src/artifacts/live/reclamation.rs:3:53
  |
3 | use herdr_projects::execution_guard::{ProjectEffect,ProjectGuard};
  |                                                     ^^^^^^^^^^^^

warning: unused import: `ProjectGuard`
 --> src/artifacts/live/finalization.rs:3:54
  |
3 | use herdr_projects::{execution_guard::{ProjectEffect,ProjectGuard},final_copy_intent::{FinalCopyIntent,Purpose}};
  |                                                      ^^^^^^^^^^^^

warning: function `request` is never used
   --> src/copy_jobs.rs:222:8
    |
222 | pub fn request(ctx:&Ctx<'_>,project:&Project,expected:&Thread,target:Option<&str>)->Result<Request> {
    |        ^^^^^^^
    |
    = note: `#[warn(dead_code)]` (part of `#[warn(unused)]`) on by default

warning: `herdr-projects` (bin "herdr-projects") generated 4 warnings (run `cargo fix --bin "herdr-projects" -p herdr-projects` to apply 3 suggestions)
    Finished `dev` profile [unoptimized + debuginfo] target(s) in 20.17s
